  4011F0     3132 Code                ABERROR_TEXT
  404324      1F9 Code                ABFILE_TEXT
  404520      249 Code                ABFUZZY_TEXT
  40476C       C2 Code                ABRESIZE_TEXT
  404830      20E Code                ABTOOLBA_TEXT
  404A40     1B60 Code                ABUTIL_TEXT
  4065A0     20C8 Code                ABWINDOW_TEXT
  408668     1860 Code                ARGB001_TEXT
  409EC8       15 Code                ARGBBC0_TEXT
  409EE0       1B Code                ARGBBC_TEXT
  409EFC      117 Code                ARGB_TEXT
  40A014       D2 Code                CWSYNCHC_TEXT
  40A0E8       2D Code                IEXE32_TEXT
  40A118      2D2 Code                INIT_TEXT
  40A3EC        D Code                INST00_TEXT
  40B000       2A Initialized Data    ABEIP_CONST
  40B02C       3C Initialized Data    ABEIP_DATA
  40B068      724 Initialized Data    ABERROR_CONST
  40B78C     1BF0 Initialized Data    ABERROR_DATA
  40D37C        0 Initialized Data    ABFILE_CONST
  40D37C      147 Initialized Data    ABFILE_DATA
  40D4C4       B4 Initialized Data    ABFUZZY_DATA
  40D578       3D Initialized Data    ABTOOLBA_CONST
  40D5B8       4C Initialized Data    ABTOOLBA_DATA
  40D604      1C6 Initialized Data    ABUTIL_CONST
  40D7CC       E7 Initialized Data    ABUTIL_DATA
  40D8B4       39 Initialized Data    ABWINDOW_CONST
  40D8F0       3F Initialized Data    ABWINDOW_DATA
  40D930       91 Initialized Data    ARGB001_CONST
  40D9C4      41B Initialized Data    ARGB001_DATA
  40DDE0        8 Initialized Data    ARGB_CONST
  40DDE8       1C Initialized Data    ARGB_DATA
  40DE04       48 Initialized Data    CWSYNCHC_DATA
  40DE4C       3C Initialized Data    IEXE32_DATA
  40DE88        0 Initialized Data    __CPPINI_CONS
  40DE88      1DC Initialized Data    __CPPINI_CONST
  40E064        4 Initialized Data    __CPPINI_END
  40E068        0 Initialized Data    __INIVMT_CONS
  40E068       68 Initialized Data    __INIVMT_CONST
  40E0D0        0 Initialized Data    __INIVMT_CONST_END
  40E0D0       40 Un-initialized Data ABEIP_BSS
  40E110      404 Un-initialized Data ABERROR_BSS
  40E514       10 Un-initialized Data ABFILE_BSS
  40E524        4 Un-initialized Data ABFUZZY_BSS
  40E528      104 Un-initialized Data ABUTIL_BSS
  40E62C     1778 Un-initialized Data ARGB_BSS
  410000        8 __T_L_S__DAT
  410008       98 __T_L_S__DATA
  4100A0        0 __T_L_S__DATA_END
  4100A0        0 __T_L_S__BS
  4100A0     103C __T_L_S__BSS
  4110DC        0 __T_L_S__BSS_END

  4011F0 REPLACE@FsbsbRsc
  401318 KILL_@_WINDOWCOMPONENT_@_HISTHANDLERCLASS@F15WINDOWCOMPONENT
  401324 RESET_@_WINDOWCOMPONENT_@_HISTHANDLERCLASS@F15WINDOWCOMPONENTUc
  401338 RESETREQUIRED_@_WINDOWCOMPONENT_@_HISTHANDLERCLASS@F15WINDOWCOMPONENT
  401348 SETALERTS_@_WINDOWCOMPONENT_@_HISTHANDLERCLASS@F15WINDOWCOMPONENT
  401354 TAKEEVENT_@_WINDOWCOMPONENT_@_HISTHANDLERCLASS@F15WINDOWCOMPONENT
  401370 UPDATE_@_WINDOWCOMPONENT_@_HISTHANDLERCLASS@F15WINDOWCOMPONENT
  40137C UPDATEWINDOW_@_WINDOWCOMPONENT_@_HISTHANDLERCLASS@F15WINDOWCOMPONENT
  40139C VLBPROC@F16HISTHANDLERCLASSls
  401498 TAKEEVENT@F16HISTHANDLERCLASS
  401578 INIT@F16HISTHANDLERCLASSBw10ERRORCLASS16ERRORHISTORYLIST
  4015B0 _VLBPROC@F16HISTHANDLERCLASSls
  4015E8 TAKEACCEPTED@F11MSGBOXCLASS
  401638 SETUPADDITIONALFEQS@F11MSGBOXCLASS
  4016D0 KILL@F11MSGBOXCLASS
  401724 INIT@F11MSGBOXCLASS
  401A10 INIT@F11MSGBOXCLASSBw10ERRORCLASSOsbllll
  401ACC FETCHSTDBUTTON@F11MSGBOXCLASSs
  401B20 GETALLSTATUSVARIABLES@F10ERRORCLASS16ERRORSTATUSGROUP
  401B98 GETERRORBUFFERFATALITY@F10ERRORCLASS
  401C04 GETERRORBUFFERTITLE@F10ERRORCLASS
  401C78 GETERRORBUFFERID@F10ERRORCLASS
  401CD4 STOREERRORENTRY@F10ERRORCLASSUs
  401E64 GETHISTORYRESETONVIEW@F10ERRORCLASS
  401EB8 SETHISTORYRESETONVIEW@F10ERRORCLASSUc
  401F10 GETHISTORYVIEWLEVEL@F10ERRORCLASS
  401F64 SETHISTORYVIEWLEVEL@F10ERRORCLASSl
  401FBC GETHISTORYTHRESHOLD@F10ERRORCLASS
  402010 SETHISTORYTHRESHOLD@F10ERRORCLASSl
  402068 GETLOGERRORS@F10ERRORCLASS
  4020BC GETSILENT@F10ERRORCLASS
  402110 SETDEFAULTCATEGORY@F10ERRORCLASSsa
  402168 GETDEFAULTCATEGORY@F10ERRORCLASS
  4021BC VIEWHISTORY@F10ERRORCLASS
  402220 THROW@F10ERRORCLASSs
  40224C TAKEUSER@F10ERRORCLASS
  4022BC TAKEPROGRAM@F10ERRORCLASS
  4022D8 TAKEOTHER@F10ERRORCLASS
  4022F4 TAKENOTIFY@F10ERRORCLASS
  402350 TAKEFATAL@F10ERRORCLASS
  4023E0 TAKEERROR@F10ERRORCLASSs
  4025D4 TAKEBENIGN@F10ERRORCLASS
  4025E4 SUBSSTRING@F10ERRORCLASS
  4029F8 SETPROCEDURENAME@F10ERRORCLASSOsb
  402ADC GETERRORENTRY@F10ERRORCLASSUs15ERRORENTRYGROUPl
  402B8C GETERRORENTRY@F10ERRORCLASSUs15ERRORENTRYGROUP
  402BF0 SETID@F10ERRORCLASSUsl
  402C70 SETID@F10ERRORCLASSUs
  402CD4 SETERRORS@F10ERRORCLASS
  402D98 SETERRORLOG@F10ERRORCLASS17ERRORLOGINTERFACE
  402E80 SETCATEGORY@F10ERRORCLASSssa
  402F18 RESETHISTORY@F10ERRORCLASS
  402F7C REMOVEERROR@F10ERRORCLASSUs
  40301C MESSAGEBOX@F10ERRORCLASSUcsbOsbOsblll
  4030B0 MSG@F10ERRORCLASSsbOsbOsblll
  403488 MESSAGE@F10ERRORCLASSsll
  40351C KILL@F10ERRORCLASS
  4035EC INIT@F10ERRORCLASS16ERRORSTATUSCLASS
  403658 INIT@F10ERRORCLASS
  403778 HISTORYMSG@F10ERRORCLASSsblll
  40393C GETPROCEDURENAME@F10ERRORCLASS
  403A80 GETCATEGORY@F10ERRORCLASSs
  403B34 ADDHISTORY@F10ERRORCLASS
  403BC8 ADDERRORS@F10ERRORCLASS10ERRORBLOCK
  403DA0 ADDERROR@F10ERRORCLASSUsRsbRsbUcsa
  403EC8 DESTRUCT@F10ERRORCLASS
  403EF0 CONSTRUCT@F10ERRORCLASS
  403F14 DESTRUCT@F16ERRORSTATUSCLASS
  403F58 CONSTRUCT@F16ERRORSTATUSCLASS
  4040CC CLOSE_@_ERRORLOGINTERFACE_@_STANDARDERRORLOGCLASS@F17ERRORLOGINTERFACEUc
  4040EC OPEN_@_ERRORLOGINTERFACE_@_STANDARDERRORLOGCLASS@F17ERRORLOGINTERFACEUc
  40410C TAKE_@_ERRORLOGINTERFACE_@_STANDARDERRORLOGCLASS@F17ERRORLOGINTERFACEsb
  4041B4 CLOSE@F21STANDARDERRORLOGCLASSUc
  404240 OPEN@F21STANDARDERRORLOGCLASSUc
  4042F4 DESTRUCT@F21STANDARDERRORLOGCLASS
  40430C CONSTRUCT@F21STANDARDERRORLOGCLASS
  404324 DESTRUCT@F12FILESMANAGER
  404380 CONSTRUCT@F12FILESMANAGER
  4043E4 TRYREGET@F11FILEMANAGERsb
  404494 POSITION@F11FILEMANAGER
  404520 SETOPTION@F10FUZZYCLASSUcUc
  4045A8 KILL@F10FUZZYCLASS
  4045B4 INIT@F10FUZZYCLASS
  4045DC CONSTRUCT@F10FUZZYCLASS
  40476C TAKERESIZE@F17WINDOWRESIZECLASS
  404788 KILL@F17WINDOWRESIZECLASS
  404830 TAKEEVENT@F12TOOLBARCLASSPl13WINDOWMANAGER
  404898 SETTARGET@F12TOOLBARCLASSl
  40499C KILL@F12TOOLBARCLASS
  4049C0 INIT@F12TOOLBARCLASS
  4049F0 DISPLAYBUTTONS@F12TOOLBARCLASS
  404A40 UPDATEQUEUE@F8INICLASSsbsbBqRuPuPuPu
  404C6C UPDATE@F8INICLASSsbsbsb
  404D2C UPDATE@F8INICLASSsbBw
  404F00 UPDATE@F8INICLASS
  404F0C TRYFETCH@F8INICLASSsbsb
  404F84 REMOVE@F8INICLASSsbsb
  405114 KILL@F8INICLASS
  405258 INIT@F8INICLASSsbll
  405394 FETCHQUEUE@F8INICLASSsbsbBqRuPuPuPu
  405600 FETCHFIELD@F8INICLASSsbsbUc
  40576C FETCH@F8INICLASSsbsbRu
  405834 FETCH@F8INICLASSsbBw
  405A8C FETCH@F8INICLASSsbsb
  405C14 FETCH@F8INICLASS
  405C20 UPDATEWINDOWINFO@F8INICLASSsb10WINDOWINFO
  405E94 FETCHWINDOWINFO@F8INICLASSsb10WINDOWINFO
  406118 UPDATE@F8INICLASSsbsbsbsb
  406318 FETCH@F8INICLASSsbsbsbsb
  40655C DESTRUCT@F8INICLASS
  406584 CONSTRUCT@F8INICLASS
  4065A0 SAVEONINSERTACTION@F13WINDOWMANAGER
  406684 SAVEONCHANGEACTION@F13WINDOWMANAGER
  4067D8 DELETEACTION@F13WINDOWMANAGER
  4069D4 CHANGEACTION@F13WINDOWMANAGER
  406DEC INSERTACTION@F13WINDOWMANAGER
  407050 TAKEDISABLEBUTTON@F13WINDOWMANAGERlUc
  407094 UPDATE@F13WINDOWMANAGER
  4070EC TAKEWINDOWEVENT@F13WINDOWMANAGER
  407250 TAKESELECTED@F13WINDOWMANAGER
  407260 TAKEREJECTED@F13WINDOWMANAGER
  4072A8 TAKENOTIFY@F13WINDOWMANAGERlll
  4072D0 TAKENEWSELECTION@F13WINDOWMANAGER
  407354 TAKEFIELDEVENT@F13WINDOWMANAGER
  407364 TAKEEVENT@F13WINDOWMANAGER
  407540 TAKECLOSEEVENT@F13WINDOWMANAGER
  407738 TAKECOMPLETED@F13WINDOWMANAGER
  40785C TAKEACCEPTED@F13WINDOWMANAGER
  407994 SETRESPONSE@F13WINDOWMANAGERUc
  4079F4 SETALERTS@F13WINDOWMANAGER
  407ACC SAVEHISTORY@F13WINDOWMANAGER
  407B98 RUN@F13WINDOWMANAGERUsUc
  407BB8 RUN@F13WINDOWMANAGER
  407C08 RESTOREFIELD@F13WINDOWMANAGERl
  407DE8 RESETBUFFERS@F13WINDOWMANAGERUc
  407E50 RESET@F13WINDOWMANAGERUc
  407F08 PRIMEUPDATE@F13WINDOWMANAGER
  4080B4 PRIMEFIELDS@F13WINDOWMANAGER
  4080C0 POSTCOMPLETED@F13WINDOWMANAGER
  408174 OPEN@F13WINDOWMANAGERBwBw
  4081D8 OPEN@F13WINDOWMANAGER
  408224 KILL@F13WINDOWMANAGER
  4083E0 INIT@F13WINDOWMANAGER
  408488 ASK@F13WINDOWMANAGER
  4084F8 ADDITEM@F13WINDOWMANAGER15WINDOWCOMPONENT
  408568 ADDITEM@F13WINDOWMANAGER12TOOLBARCLASS
  408590 DISABLECANCELCONTROLS@F13WINDOWMANAGER
  4085FC ENABLECANCELCONTROLS@F13WINDOWMANAGER
  409C20 MAIN@F
  409EC8 ARGBBC0$ARGBBC0:FILESINIT@F
  409ED0 ARGBBC0$ARGBBC0:DCTKILL@F
  409ED8 ARGBBC0$ARGBBC0:DCTINIT@F
  409EE0 DCTKILL@F
  409EEC DCTINIT@F
  409EFC _main
  409FE4 DESTRUCT@F10DICTIONARY
  409FF8 CONSTRUCT@F10DICTIONARY
  40A014 DESTRUCT@F15CRITICALSECTION
  40A034 CONSTRUCT@F15CRITICALSECTION
  40A050 KILL@F17CRITICALPROCEDURE
  40A084 INIT@F17CRITICALPROCEDURE11ISYNCOBJECT
  40A0BC DESTRUCT@F17CRITICALPROCEDURE
  40A0D0 CONSTRUCT@F17CRITICALPROCEDURE
  40A3EC __thr_inst0
  40B02C TYPE$COLORMAP
  40B058 TCB$COLORMAP
  40B78C STDERRORFILE$TYPE$RECORD
  40B7A4 $STDERRORFILE
  40B7F0 TYPE$PNQ
  40B810 TYPE$DEFAULTERRORS
  40BA70 $DEFAULTERRORS
  40CBE4 TYPE$HISTHANDLERCLASS
  40CC2C VMT$HISTHANDLERCLASS
  40CC5C TYPE$MSGBOXCLASS
  40CED4 VMT$MSGBOXCLASS
  40CF5C TYPE$ERRORCLASS
  40D1E0 VMT$ERRORCLASS
  40D22C TYPE$STANDARDERRORLOGCLASS
  40D264 VMT$STANDARDERRORLOGCLASS
  40D27C TYPE$ERRORSTATUSCLASS
  40D370 VMT$ERRORSTATUSCLASS
  40D37C TYPE$UNTHREADEDFILEOPENERMAP
  40D3A0 TCB$UNTHREADEDFILEOPENERMAP
  40D3B0 TYPE$FILESMANAGER
  40D3F4 VMT$FILESMANAGER
  40D400 TYPE$FILEMAPPING_T
  40D42C TYPE$FILEMAPPING_R
  40D45C TYPE$STATUSQ_T
  40D4C4 TYPE$FUZZYCLASS
  40D56C VMT$FUZZYCLASS
  40D5B8 TYPE$TOOLBARTARGETQUEUE
  40D5D4 TYPE$TOOLBARCLASS
  40D5EC VMT$TOOLBARCLASS
  40D7E4 TYPE$INICLASS
  40D82C VMT$INICLASS
  40D8F0 TYPE$BUTTONLIST
  40D914 TYPE$COMPONENTLIST
  40DDE8 TYPE$DICTIONARY
  40DDF8 VMT$DICTIONARY
  40DE04 TYPE$CRITICALSECTION
  40DE1C VMT$CRITICALSECTION
  40DE28 TYPE$CRITICALPROCEDURE
  40DE40 VMT$CRITICALPROCEDURE
  40E068 VMTP$DICTIONARY
  40E078 VMTP$FILESMANAGER
  40E080 VMTP$INICLASS
  40E088 VMTP$TOOLBARCLASS
  40E090 VMTP$HISTHANDLERCLASS
  40E098 VMTP$MSGBOXCLASS
  40E0A0 VMTP$ERRORCLASS
  40E0A8 VMTP$STANDARDERRORLOGCLASS
  40E0B0 VMTP$ERRORSTATUSCLASS
  40E0B8 VMTP$FUZZYCLASS
  40E0C0 VMTP$CRITICALSECTION
  40E0C8 VMTP$CRITICALPROCEDURE
  40E0D0 $COLORMAP
  40E108 $MULTIWINDOW
  40E10C $TXTWINDOW
  40E110 $WINDOW
  40E114 STDERRORFILE$RECORD
  40E514 $UNTHREADEDFILEOPENERMAP
  40E51C $CREATEOPENERCRIT
  40E524 P197$MEMOS$DBTEXTLOGFILE
  40E62C $FUZZYMATCHER
  40FC50 $GLOBALERRORS
  40FC84 $INIMGR
  40FD9C $LCURRENTFDSETTING
  40FDA0 $LADJFDSETTING
  410008 P197$DBTEXTLOGFILE
  410054 P82$EXTRACTFILE
  4100A0 $GLOBALERRORSTATUS
  4107C0 $GLOBALREQUEST
  4107C4 $GLOBALRESPONSE
  4107C8 $VCRREQUEST
  4107CC $DICTIONARY
  4107D0 $FILESMANAGER
  4107E8 $SZDBTEXTLOG
  4108F0 P197$DBTEXTLOGFILE$RECORD
  410CDC P82$EXTRACTFILE$EXTRACTFILE@:RECORD
  412000 __import_section_start
  412ECC __import_section_end

Imports
c60ascx:ASCII 412058
c60runx:Cla$ACCEPTED 412268,401000
c60runx:Cla$ADDqueue 41226C
c60runx:Cla$AssertFailed 412270
c60runx:Cla$AssertFailedM 412274
c60runx:Cla$AssignRefUfo 412278
c60runx:Cla$BEEP 41227C,401008
c60runx:Cla$CLEAR 412280
c60runx:Cla$CLOCK 412284,401010
c60runx:Cla$CLOSEwindow 412288,401018
c60runx:Cla$code 41228C
c60runx:Cla$comparestr 412290
c60runx:Cla$DecAdd 412294
c60runx:Cla$DecDistinct 412298
c60runx:Cla$DecDistinctR 41229C
c60runx:Cla$DecDivide 4122A0
c60runx:Cla$DecSub 4122A4
c60runx:Cla$DELETEqueue 4122A8,401020
c60runx:Cla$DELETEREG 4122AC,401028
c60runx:Cla$DInt 4122B0
c60runx:Cla$DISABLE 4122B4,401030
c60runx:Cla$DISPLAY 4122B8,401038
c60runx:Cla$DISPOSEqueue 4122BC
c60runx:Cla$DISPOSEref 4122C0
c60runx:Cla$Dlongpower 4122C4
c60runx:Cla$DPopLong 4122C8
c60runx:Cla$DPopUlong 4122CC
c60runx:Cla$DPushConstant 4122D0
c60runx:Cla$DPushLong 4122D4
c60runx:Cla$DPushULong 4122D8
c60runx:Cla$ENABLE 4122DC,401040
c60runx:Cla$EndEventLoop 4122E0
c60runx:Cla$ERRORCODE 4122E4,401048
c60runx:Cla$EVENT 4122E8,401050
c60runx:Cla$FIELD 4122EC,401058
c60runx:Cla$FILEERRORCODE 4122F0,401060
c60runx:Cla$FILEERRORMSG 4122F4,401068
c60runx:Cla$FileExists 4122F8,401070
c60runx:Cla$FILE_ADDf 4122FC
c60runx:Cla$FILE_CLOSE 412300,401078
c60runx:Cla$FILE_CREATE 412304
c60runx:CLA$FILE_DESTROY 412308
c60runx:Cla$FILE_NAME 41230C,401080
c60runx:Cla$FILE_OPEN 412310,401088
c60runx:Cla$FILE_POSITIONf 412314,401090
c60runx:Cla$FILE_POSITIONk 412318,401098
c60runx:Cla$FILE_REGETf 41231C,4010A0
c60runx:Cla$FILE_REGETk 412320,4010A8
c60runx:Cla$FOCUS 412324,4010B0
c60runx:Cla$FREEqueue 412328
c60runx:Cla$FREEqueuea 41232C,4010B8
c60runx:Cla$freestr 412330
c60runx:Cla$FreeUfo 412334
c60runx:Cla$freewindow 412338
c60runx:Cla$GETINI 41233C,4010C0
c60runx:Cla$GetPropS 412340
c60runx:Cla$GETqueuekey 412344,4010C8
c60runx:Cla$GETqueueptr 412348
c60runx:Cla$GETREG 41234C,4010D0
c60runx:Cla$HALT 412350,4010D8
c60runx:Cla$init 412354
c60runx:Cla$INSTANCE 412358,4010E0
c60runx:Cla$KEYCODE 41235C,4010E8
c60runx:Cla$longtostr 412360
c60runx:Cla$Mem2Ufo 412364
c60runx:Cla$MessageBox 412368,4010F0
c60runx:Cla$NewCriticalSection 41236C,4010F8
c60runx:Cla$NewMemB 412370
c60runx:Cla$NewMemT 412374
c60runx:Cla$NEWqueue 412378
c60runx:Cla$NOTIFICATION 41237C,401100
c60runx:Cla$OPENowned 412380,401108
c60runx:Cla$OPENwindow 412384,401110
c60runx:Cla$POINTERqueue 412388,401118
c60runx:Cla$PopAString 41238C
c60runx:Cla$PopBind 412390,401120
c60runx:Cla$PopCString 412394
c60runx:Cla$PopString 412398
c60runx:Cla$PopTemp 41239C
c60runx:Cla$POST 4123A0,401128
c60runx:Cla$PushAString 4123A4
c60runx:Cla$PushBind 4123A8,401130
c60runx:Cla$PushCString 4123AC
c60runx:Cla$PushLong 4123B0
c60runx:Cla$PushPictLong 4123B4
c60runx:Cla$PushString 4123B8
c60runx:Cla$PushTemp 4123BC
c60runx:Cla$PushUfo 4123C0
c60runx:Cla$PUTINI 4123C4,401138
c60runx:Cla$PUTqueue 4123C8
c60runx:Cla$PUTREG 4123CC,401140
c60runx:Cla$pwopen 4123D0,401148
c60runx:Cla$RECORDSqueue 4123D4,401150
c60runx:Cla$RefAssignAny 4123D8
c60runx:Cla$SELECT 4123DC,401158
c60runx:Cla$SETCURSOR 4123E0,401160
c60runx:Cla$SETKEYCODE 4123E4,401168
c60runx:Cla$SetPropS 4123E8
c60runx:Cla$SetPropV 4123EC
c60runx:Cla$Stack2DStack 4123F0
c60runx:Cla$Stack2Ufo 4123F4
c60runx:Cla$StackCLIP 4123F8,401170
c60runx:Cla$StackCompareN 4123FC
c60runx:Cla$StackCompareNEQ 412400
c60runx:Cla$StackConcat 412404
c60runx:Cla$StackConcatR 412408
c60runx:Cla$StackErrstr 41240C,401178
c60runx:Cla$StackHeap 412410
c60runx:Cla$StackINSTRING 412414,401180
c60runx:Cla$StackLen 412418,401188
c60runx:Cla$StackRotate 41241C
c60runx:Cla$StackSUB 412420,401190
c60runx:Cla$StackUPPER 412424,401198
c60runx:Cla$StackVAL 412428
c60runx:Cla$StartEventLoop 41242C
c60runx:Cla$StashBP 412430
c60runx:Cla$storecstr 412434
c60runx:Cla$storestr 412438
c60runx:Cla$THREAD 41243C,4011A0
c60runx:Cla$TODAY 412440,4011A8
c60runx:Cla$UNHIDE 412444,4011B0
c60runx:Cla$UNREGISTEREVENT 412448,4011B8
c60runx:Cla$WHAT 41244C,4011C0
c60runx:THR$GetInstance 412450,4011C8
c60runx:Wsl$CloseDown 412454,4011D0
c60runx:_exit 412458,4011D8
c60runx:_free 41245C
c60runx:_malloc 412460
c60runx:__sysinit 412464,4011E0
c60runx:__sysstart 412468,4011E8
USER32.dll:SystemParametersInfoA 412478



Entry Point:   40A0E8